------------------------------------------------------------
Timing Analyzer Summary
------------------------------------------------------------

Type  : Slow 1100mV 85C Model Setup 'clk'
Slack : -3.691
TNS   : -119.760

Type  : Slow 1100mV 85C Model Hold 'clk'
Slack : 0.289
TNS   : 0.000

Type  : Slow 1100mV 85C Model Minimum Pulse Width 'clk'
Slack : -0.724
TNS   : -62.487

Type  : Slow 1100mV 0C Model Setup 'clk'
Slack : -3.912
TNS   : -119.695

Type  : Slow 1100mV 0C Model Hold 'clk'
Slack : 0.281
TNS   : 0.000

Type  : Slow 1100mV 0C Model Minimum Pulse Width 'clk'
Slack : -0.724
TNS   : -62.346

Type  : Fast 1100mV 85C Model Setup 'clk'
Slack : -0.959
TNS   : -15.219

Type  : Fast 1100mV 85C Model Hold 'clk'
Slack : 0.132
TNS   : 0.000

Type  : Fast 1100mV 85C Model Minimum Pulse Width 'clk'
Slack : -0.090
TNS   : -4.880

Type  : Fast 1100mV 0C Model Setup 'clk'
Slack : -0.809
TNS   : -11.164

Type  : Fast 1100mV 0C Model Hold 'clk'
Slack : 0.120
TNS   : 0.000

Type  : Fast 1100mV 0C Model Minimum Pulse Width 'clk'
Slack : -0.090
TNS   : -4.909

------------------------------------------------------------
